I'm sorry, but errors were detected in your script. Please correct the
errors listed below, and try again.


File "game/script.rpy", line 142: expected statement.
    Jump("world2")
                  ^

Ren'Py Version: Ren'Py 7.4.11.2266
Sun Mar 20 13:12:29 2022
